GET    /api/v1/admin/analytics                                        analytics.read
GET    /api/v1/admin/analytics/ai                                     analytics.read
GET    /api/v1/admin/analytics/applications                           analytics.read
GET    /api/v1/admin/analytics/cohorts                                analytics.read
GET    /api/v1/admin/analytics/communities                            analytics.read
GET    /api/v1/admin/analytics/companies                              analytics.read
GET    /api/v1/admin/analytics/events                                 analytics.read
GET    /api/v1/admin/analytics/feature-adoption                       analytics.read
GET    /api/v1/admin/analytics/funnel                                 analytics.read
GET    /api/v1/admin/analytics/jobs                                   analytics.read
GET    /api/v1/admin/analytics/learning                               analytics.read
GET    /api/v1/admin/analytics/mentorship                             analytics.read
GET    /api/v1/admin/analytics/messaging                              analytics.read
GET    /api/v1/admin/analytics/notifications                          analytics.read
GET    /api/v1/admin/analytics/overview                               analytics.read
GET    /api/v1/admin/analytics/performance                            analytics.read
GET    /api/v1/admin/analytics/recommendations                        analytics.read
GET    /api/v1/admin/analytics/recruiters                             analytics.read
GET    /api/v1/admin/analytics/reports/download/:id                   analytics.read
GET    /api/v1/admin/analytics/reports/scheduled                      analytics.read
GET    /api/v1/admin/analytics/safety                                 analytics.read
GET    /api/v1/admin/analytics/search                                 analytics.read
GET    /api/v1/admin/analytics/search/zero-results                    analytics.read
GET    /api/v1/admin/analytics/support                                analytics.read
GET    /api/v1/admin/analytics/system                                 analytics.read
GET    /api/v1/admin/analytics/system/performance                     analytics.read
GET    /api/v1/admin/analytics/trust-safety                           analytics.read
GET    /api/v1/admin/analytics/users                                  analytics.read
GET    /api/v1/admin/applications                                     applications.read
GET    /api/v1/admin/audit-logs                                       audit_logs.read
GET    /api/v1/admin/backups                                          backups.read
GET    /api/v1/admin/backups/:id                                      backups.read
GET    /api/v1/admin/backups/configuration                            backups.read
GET    /api/v1/admin/backups/health                                   backups.read
GET    /api/v1/admin/backups/incidents                                backups.read
GET    /api/v1/admin/backups/restore-tests                            backups.read
GET    /api/v1/admin/backups/tiers                                    backups.read
GET    /api/v1/admin/billing/analytics                                billing.read
GET    /api/v1/admin/billing/entitlements                             billing.read
GET    /api/v1/admin/billing/plans                                    billing.read
GET    /api/v1/admin/billing/status                                   billing.read
GET    /api/v1/admin/communities                                      communities.moderate
GET    /api/v1/admin/companies                                        companies.read
GET    /api/v1/admin/companies/:id                                    companies.read
GET    /api/v1/admin/company-verifications                            verifications.review
GET    /api/v1/admin/compliance/access-reviews                        compliance.read
GET    /api/v1/admin/compliance/dsr                                   compliance.read
GET    /api/v1/admin/compliance/incidents                             compliance.read
GET    /api/v1/admin/compliance/legal-holds                           compliance.read
GET    /api/v1/admin/compliance/overview                              compliance.read
GET    /api/v1/admin/compliance/policy-versions                       compliance.read
GET    /api/v1/admin/compliance/risk-summary                          compliance.read
GET    /api/v1/admin/dashboard                                        dashboard.read
GET    /api/v1/admin/data-governance/inventory                        compliance.read
GET    /api/v1/admin/data-governance/processors                       compliance.read
GET    /api/v1/admin/data-governance/quality-checks                   compliance.read
GET    /api/v1/admin/data-governance/retention                        compliance.read
GET    /api/v1/admin/data-operations/bulk-operations                  data_operations.read
GET    /api/v1/admin/data-operations/exports                          data_operations.read
GET    /api/v1/admin/data-operations/imports                          data_operations.read
GET    /api/v1/admin/data-operations/imports/:id                      data_operations.read
GET    /api/v1/admin/data-operations/migrations                       data_operations.read
GET    /api/v1/admin/feature-flags                                    feature_flags.manage
GET    /api/v1/admin/freelancers/:id                                  freelancers.read
GET    /api/v1/admin/incidents                                        incidents.manage
GET    /api/v1/admin/incidents/:id                                    incidents.manage
GET    /api/v1/admin/jobs                                             jobs.read
GET    /api/v1/admin/jobs/:id                                         jobs.read
GET    /api/v1/admin/legal/documents                                  compliance.read
GET    /api/v1/admin/legal/legal-holds                                compliance.read
GET    /api/v1/admin/legal/privacy-requests                           compliance.read
GET    /api/v1/admin/legal/retention                                  compliance.read
GET    /api/v1/admin/maintenance                                      maintenance.manage
GET    /api/v1/admin/messaging/analytics                              analytics.read
GET    /api/v1/admin/messaging/reports                                reports.read
GET    /api/v1/admin/moderation/:id                                   moderation.review
GET    /api/v1/admin/moderation/queue                                 moderation.review
GET    /api/v1/admin/network/analytics                                analytics.read
GET    /api/v1/admin/network/reports                                  reports.read
GET    /api/v1/admin/notifications                                    notifications.read
GET    /api/v1/admin/notifications/analytics                          analytics.read
GET    /api/v1/admin/notifications/dead-letters                       notifications.read
GET    /api/v1/admin/notifications/delivery-analytics                 analytics.read
GET    /api/v1/admin/notifications/failed                             notifications.read
GET    /api/v1/admin/notifications/failures                           notifications.read
GET    /api/v1/admin/notifications/providers                          notifications.read
GET    /api/v1/admin/notifications/queue                              notifications.read
GET    /api/v1/admin/notifications/templates                          notifications.read
GET    /api/v1/admin/notifications/templates/:id                      notifications.read
GET    /api/v1/admin/observability                                    observability.read
GET    /api/v1/admin/observability/dependencies                       observability.read
GET    /api/v1/admin/observability/errors                             observability.read
GET    /api/v1/admin/observability/health                             observability.read
GET    /api/v1/admin/observability/incidents                          observability.read
GET    /api/v1/admin/observability/metrics                            observability.read
GET    /api/v1/admin/onboarding                                       analytics.read
GET    /api/v1/admin/onboarding/analytics                             analytics.read
GET    /api/v1/admin/onboarding/config                                system_settings.manage
GET    /api/v1/admin/privacy                                          compliance.read
GET    /api/v1/admin/privacy/consents                                 compliance.read
GET    /api/v1/admin/privacy/data-processing                          compliance.read
GET    /api/v1/admin/privacy/requests                                 compliance.read
GET    /api/v1/admin/privacy/requests/:id                             compliance.read
GET    /api/v1/admin/privacy/retention                                compliance.read
GET    /api/v1/admin/recommendations/config                           system_settings.manage
GET    /api/v1/admin/recommendations/metrics                          analytics.read
GET    /api/v1/admin/recruiters                                       recruiters.read
GET    /api/v1/admin/reports                                          reports.read
GET    /api/v1/admin/reports/:id                                      reports.read
GET    /api/v1/admin/roles                                            dashboard.read
GET    /api/v1/admin/safety/analytics                                 analytics.read
GET    /api/v1/admin/safety/cases                                     reports.read
GET    /api/v1/admin/security                                         security_events.read
GET    /api/v1/admin/security-events                                  security_events.read
GET    /api/v1/admin/security/alerts                                  security_events.read
GET    /api/v1/admin/security/alerts/:id                              security_events.read
GET    /api/v1/admin/security/bot-signals                             security_events.read
GET    /api/v1/admin/security/events                                  security_events.read
GET    /api/v1/admin/security/fraud-alerts                            security_events.read
GET    /api/v1/admin/security/incidents                               security_events.read
GET    /api/v1/admin/security/incidents/:id                           security_events.read
GET    /api/v1/admin/security/risk-scores                             security_events.read
GET    /api/v1/admin/security/rules                                   security_events.read
GET    /api/v1/admin/security/settings                                security.manage
GET    /api/v1/admin/settings                                         system_settings.manage
GET    /api/v1/admin/support                                          support.read
GET    /api/v1/admin/support/analytics                                support.read
GET    /api/v1/admin/support/articles                                 support.read
GET    /api/v1/admin/support/bugs                                     support.read
GET    /api/v1/admin/support/feedback                                 support.read
GET    /api/v1/admin/support/sla                                      support.read
GET    /api/v1/admin/support/tickets                                  support.read
GET    /api/v1/admin/support/tickets/:id                              support.read
GET    /api/v1/admin/support/tickets/:id/messages                     support.read
GET    /api/v1/admin/system/health                                    observability.read
GET    /api/v1/admin/system/health/incidents                          incidents.manage
GET    /api/v1/admin/system/health/recoveries                         observability.read
GET    /api/v1/admin/system/jobs                                      system_jobs.read
GET    /api/v1/admin/system/jobs/:id                                  system_jobs.read
GET    /api/v1/admin/trust-safety                                     reports.read
GET    /api/v1/admin/trust-safety/analytics                           analytics.read
GET    /api/v1/admin/trust-safety/appeals                             reports.read
GET    /api/v1/admin/trust-safety/appeals/:id                         reports.read
GET    /api/v1/admin/trust-safety/cases                               reports.read
GET    /api/v1/admin/trust-safety/cases/:id                           reports.read
GET    /api/v1/admin/trust-safety/incidents                           reports.read
GET    /api/v1/admin/trust-safety/policies                            reports.read
GET    /api/v1/admin/trust-safety/queue                               moderation.review
GET    /api/v1/admin/trust-safety/reports                             reports.read
GET    /api/v1/admin/trust-safety/reports/:id                         reports.read
GET    /api/v1/admin/trust-safety/rules                               reports.read
GET    /api/v1/admin/trust-safety/workload                            reports.read
GET    /api/v1/admin/users                                            users.read
GET    /api/v1/admin/users/:id                                        users.read
GET    /api/v1/admin/users/:id/profile                                users.read
GET    /api/v1/admin/verifications                                    verifications.review
PATCH  /api/v1/admin/compliance/dsr/:id                               compliance.manage
PATCH  /api/v1/admin/compliance/legal-holds/:id/release               compliance.manage
POST   /api/v1/admin/analytics/cleanup                                data_operations.manage
POST   /api/v1/admin/analytics/export                                 analytics.manage
POST   /api/v1/admin/analytics/reports/custom                         analytics.manage
POST   /api/v1/admin/analytics/reports/scheduled                      analytics.manage
POST   /api/v1/admin/announcements                                    announcements.manage
POST   /api/v1/admin/backups                                          backups.manage
POST   /api/v1/admin/backups/:id/verify                               backups.manage
POST   /api/v1/admin/backups/incidents                                backups.manage
POST   /api/v1/admin/backups/restore-confirm                          backups.manage
POST   /api/v1/admin/backups/restore-tests                            backups.manage
POST   /api/v1/admin/compliance/access-reviews                        compliance.manage
POST   /api/v1/admin/compliance/incidents                             compliance.manage
POST   /api/v1/admin/compliance/legal-holds                           compliance.manage
POST   /api/v1/admin/compliance/policy-versions                       compliance.manage
POST   /api/v1/admin/data-governance/inventory                        compliance.manage
POST   /api/v1/admin/data-governance/processors                       compliance.manage
POST   /api/v1/admin/data-governance/quality-checks/run               data_operations.manage
POST   /api/v1/admin/data-governance/retention/run                    data_operations.manage
POST   /api/v1/admin/data-operations/bulk-operations                  data_operations.manage
POST   /api/v1/admin/data-operations/exports                          data_operations.manage
POST   /api/v1/admin/data-operations/imports                          data_operations.manage
POST   /api/v1/admin/data-operations/imports/preview                  data_operations.manage
POST   /api/v1/admin/feature-flags                                    feature_flags.manage
POST   /api/v1/admin/freelancers/:id/reinstate                        freelancers.manage
POST   /api/v1/admin/freelancers/:id/suspend                          freelancers.manage
POST   /api/v1/admin/impersonation/:id/revoke                         users.impersonate
POST   /api/v1/admin/incidents                                        incidents.manage
POST   /api/v1/admin/jobs/:id/moderate                                jobs.moderate
POST   /api/v1/admin/notifications/announcement                       announcements.manage
POST   /api/v1/admin/notifications/dead-letters/:id/retry             notifications.manage
POST   /api/v1/admin/notifications/templates                          notifications.manage
POST   /api/v1/admin/notifications/templates/:id/archive              notifications.manage
POST   /api/v1/admin/notifications/templates/:id/publish              notifications.manage
POST   /api/v1/admin/notifications/templates/:id/test                 notifications.manage
POST   /api/v1/admin/privacy/export                                   compliance.manage
POST   /api/v1/admin/reports/:id/resolve                              reports.resolve
POST   /api/v1/admin/roles/assign                                     roles.manage
POST   /api/v1/admin/roles/revoke                                     roles.manage
POST   /api/v1/admin/safety/appeals/:id/resolve                       reports.resolve
POST   /api/v1/admin/safety/cases/:id/actions                         moderation.review
POST   /api/v1/admin/security/alerts/:id/resolve                      security.manage
POST   /api/v1/admin/security/incidents                               security.manage
POST   /api/v1/admin/support/articles                                 support.manage
POST   /api/v1/admin/support/tickets/:id/assign                       support.manage
POST   /api/v1/admin/support/tickets/:id/messages                     support.manage
POST   /api/v1/admin/support/tickets/:id/notes                        support.manage
POST   /api/v1/admin/support/tickets/:id/resolve                      support.manage
POST   /api/v1/admin/system/health/diagnostics/report                 incidents.manage
POST   /api/v1/admin/system/health/maintenance                        maintenance.manage
POST   /api/v1/admin/system/health/self-healing                       incidents.manage
POST   /api/v1/admin/system/jobs/:id/retry                            system_jobs.retry
POST   /api/v1/admin/trust-safety/appeals/:id/resolve                 reports.resolve
POST   /api/v1/admin/trust-safety/cases/:id/actions                   moderation.review
POST   /api/v1/admin/trust-safety/cases/:id/assign                    moderation.review
POST   /api/v1/admin/trust-safety/cases/:id/claim                     moderation.review
POST   /api/v1/admin/trust-safety/policies                            moderation.review
POST   /api/v1/admin/trust-safety/reinstatements                      users.suspend
POST   /api/v1/admin/trust-safety/reports/:id/actions                 moderation.review
POST   /api/v1/admin/users/:id/impersonate                            users.impersonate
POST   /api/v1/admin/users/:id/profile/restrict                       users.suspend
POST   /api/v1/admin/users/:id/profile/verify                         verifications.review
POST   /api/v1/admin/users/:id/role                                   roles.manage
POST   /api/v1/admin/verifications/:id/approve                        companies.verify
POST   /api/v1/admin/verifications/:id/reject                         companies.verify
POST   /api/v1/landing/admin/featured-jobs                            announcements.manage
POST   /api/v1/landing/admin/testimonials                             announcements.manage
POST   /api/v1/trust/reports/:id/action                               moderation.review
PUT    /api/v1/admin/backups/configuration                            backups.manage
PUT    /api/v1/admin/companies/:id/status                             companies.suspend
PUT    /api/v1/admin/company-verifications/:verificationId            companies.verify
PUT    /api/v1/admin/data-governance/retention                        compliance.manage
PUT    /api/v1/admin/feature-flags/:id                                feature_flags.manage
PUT    /api/v1/admin/incidents/:id                                    incidents.manage
PUT    /api/v1/admin/maintenance                                      maintenance.manage
PUT    /api/v1/admin/notifications/templates/:id                      notifications.manage
PUT    /api/v1/admin/onboarding/config                                system_settings.manage
PUT    /api/v1/admin/privacy/requests/:id                             compliance.manage
PUT    /api/v1/admin/privacy/retention                                compliance.manage
PUT    /api/v1/admin/recommendations/config                           system_settings.manage
PUT    /api/v1/admin/reports/:id                                      reports.resolve
PUT    /api/v1/admin/security/alerts/:id                              security.manage
PUT    /api/v1/admin/security/incidents/:id                           security.manage
PUT    /api/v1/admin/security/rules/:id                               security.manage
PUT    /api/v1/admin/security/settings                                security.manage
PUT    /api/v1/admin/trust-safety/appeals/:id                         reports.resolve
PUT    /api/v1/admin/trust-safety/policies/:id                        moderation.review
PUT    /api/v1/admin/trust-safety/reports/:id                         reports.resolve
PUT    /api/v1/admin/trust-safety/rules                               moderation.review
PUT    /api/v1/admin/users/:id/profile                                users.update
PUT    /api/v1/admin/users/:id/status                                 users.suspend
