DELETE /api/v1/communities/:id/posts/:postId
DELETE /api/v1/companies/:id/follow
DELETE /api/v1/companies/:id/invitations/:invitationId
DELETE /api/v1/companies/:id/recruiters/:recruiterId
DELETE /api/v1/companies/:id/reviews/:reviewId
DELETE /api/v1/companies/:id/team/:memberId
DELETE /api/v1/companies/:id/updates/:updateId
DELETE /api/v1/companies/follow
DELETE /api/v1/companies/save
DELETE /api/v1/cover-letters/:id
DELETE /api/v1/cover-letters/:id/share
DELETE /api/v1/documents/:id
DELETE /api/v1/employer/team/members/:memberId
DELETE /api/v1/interview-prep/:id
DELETE /api/v1/interview-prep/questions/:id
DELETE /api/v1/interview-prep/tasks/:id
DELETE /api/v1/job-alerts/:id
DELETE /api/v1/jobs/:id/save
DELETE /api/v1/network/connections/:id
DELETE /api/v1/network/follow/:userId
DELETE /api/v1/network/goals/:id
DELETE /api/v1/network/labels/:targetUserId/:label
DELETE /api/v1/network/notes/:targetUserId
DELETE /api/v1/networking/blocks/:userId
DELETE /api/v1/notifications/:id
DELETE /api/v1/notifications/devices/:id
DELETE /api/v1/notifications/read
DELETE /api/v1/notifications/schedules/:id
DELETE /api/v1/recruiter/candidates/:id/save
DELETE /api/v1/recruiter/saved-searches/:id
DELETE /api/v1/recruiter/talent-pools/:id
DELETE /api/v1/recruiter/talent-pools/:id/candidates/:candidateId
DELETE /api/v1/resumes/:id
DELETE /api/v1/resumes/:id/share
DELETE /api/v1/saved-searches/:id
DELETE /api/v1/search/saved/:id
DELETE /api/v1/security/api-keys/:id
DELETE /api/v1/security/devices/:id
DELETE /api/v1/security/sessions
DELETE /api/v1/security/sessions/:id
DELETE /api/v1/unified-search/history
DELETE /api/v1/unified-search/history/:id
GET /api/v1/admin/analytics
GET /api/v1/admin/analytics/ai
GET /api/v1/admin/analytics/applications
GET /api/v1/admin/analytics/cohorts
GET /api/v1/admin/analytics/communities
GET /api/v1/admin/analytics/companies
GET /api/v1/admin/analytics/events
GET /api/v1/admin/analytics/feature-adoption
GET /api/v1/admin/analytics/funnel
GET /api/v1/admin/analytics/jobs
GET /api/v1/admin/analytics/learning
GET /api/v1/admin/analytics/mentorship
GET /api/v1/admin/analytics/messaging
GET /api/v1/admin/analytics/notifications
GET /api/v1/admin/analytics/overview
GET /api/v1/admin/analytics/performance
GET /api/v1/admin/analytics/recommendations
GET /api/v1/admin/analytics/recruiters
GET /api/v1/admin/analytics/reports/download/:id
GET /api/v1/admin/analytics/reports/scheduled
GET /api/v1/admin/analytics/safety
GET /api/v1/admin/analytics/search
GET /api/v1/admin/analytics/search/zero-results
GET /api/v1/admin/analytics/support
GET /api/v1/admin/analytics/system
GET /api/v1/admin/analytics/system/performance
GET /api/v1/admin/analytics/trust-safety
GET /api/v1/admin/analytics/users
GET /api/v1/admin/applications
GET /api/v1/admin/audit-logs
GET /api/v1/admin/backups
GET /api/v1/admin/backups/:id
GET /api/v1/admin/backups/configuration
GET /api/v1/admin/backups/health
GET /api/v1/admin/backups/incidents
GET /api/v1/admin/backups/restore-tests
GET /api/v1/admin/backups/tiers
GET /api/v1/admin/billing/analytics
GET /api/v1/admin/billing/entitlements
GET /api/v1/admin/billing/plans
GET /api/v1/admin/billing/status
GET /api/v1/admin/communities
GET /api/v1/admin/companies
GET /api/v1/admin/companies/:id
GET /api/v1/admin/company-verifications
GET /api/v1/admin/compliance/access-reviews
GET /api/v1/admin/compliance/dsr
GET /api/v1/admin/compliance/incidents
GET /api/v1/admin/compliance/legal-holds
GET /api/v1/admin/compliance/overview
GET /api/v1/admin/compliance/policy-versions
GET /api/v1/admin/compliance/risk-summary
GET /api/v1/admin/dashboard
GET /api/v1/admin/data-governance/inventory
GET /api/v1/admin/data-governance/processors
GET /api/v1/admin/data-governance/quality-checks
GET /api/v1/admin/data-governance/retention
GET /api/v1/admin/data-operations/bulk-operations
GET /api/v1/admin/data-operations/exports
GET /api/v1/admin/data-operations/imports
GET /api/v1/admin/data-operations/imports/:id
GET /api/v1/admin/data-operations/migrations
GET /api/v1/admin/feature-flags
GET /api/v1/admin/incidents
GET /api/v1/admin/incidents/:id
GET /api/v1/admin/jobs
GET /api/v1/admin/jobs/:id
GET /api/v1/admin/legal/documents
GET /api/v1/admin/legal/legal-holds
GET /api/v1/admin/legal/privacy-requests
GET /api/v1/admin/legal/retention
GET /api/v1/admin/maintenance
GET /api/v1/admin/messaging/analytics
GET /api/v1/admin/messaging/reports
GET /api/v1/admin/moderation/:id
GET /api/v1/admin/moderation/queue
GET /api/v1/admin/network/analytics
GET /api/v1/admin/network/reports
GET /api/v1/admin/notifications
GET /api/v1/admin/notifications/analytics
GET /api/v1/admin/notifications/dead-letters
GET /api/v1/admin/notifications/delivery-analytics
GET /api/v1/admin/notifications/failed
GET /api/v1/admin/notifications/failures
GET /api/v1/admin/notifications/providers
GET /api/v1/admin/notifications/queue
GET /api/v1/admin/notifications/templates
GET /api/v1/admin/notifications/templates/:id
GET /api/v1/admin/observability
GET /api/v1/admin/observability/dependencies
GET /api/v1/admin/observability/errors
GET /api/v1/admin/observability/health
GET /api/v1/admin/observability/incidents
GET /api/v1/admin/observability/metrics
GET /api/v1/admin/onboarding
GET /api/v1/admin/onboarding/analytics
GET /api/v1/admin/onboarding/config
GET /api/v1/admin/privacy
GET /api/v1/admin/privacy/consents
GET /api/v1/admin/privacy/data-processing
GET /api/v1/admin/privacy/requests
GET /api/v1/admin/privacy/requests/:id
GET /api/v1/admin/privacy/retention
GET /api/v1/admin/recommendations/config
GET /api/v1/admin/recommendations/metrics
GET /api/v1/admin/recruiters
GET /api/v1/admin/reports
GET /api/v1/admin/reports/:id
GET /api/v1/admin/roles
GET /api/v1/admin/security
GET /api/v1/admin/security-events
GET /api/v1/admin/security/alerts
GET /api/v1/admin/security/alerts/:id
GET /api/v1/admin/security/bot-signals
GET /api/v1/admin/security/events
GET /api/v1/admin/security/fraud-alerts
GET /api/v1/admin/security/incidents
GET /api/v1/admin/security/incidents/:id
GET /api/v1/admin/security/risk-scores
GET /api/v1/admin/security/rules
GET /api/v1/admin/security/settings
GET /api/v1/admin/settings
GET /api/v1/admin/support
GET /api/v1/admin/support/analytics
GET /api/v1/admin/support/articles
GET /api/v1/admin/support/bugs
GET /api/v1/admin/support/feedback
GET /api/v1/admin/support/sla
GET /api/v1/admin/support/tickets
GET /api/v1/admin/support/tickets/:id
GET /api/v1/admin/support/tickets/:id/messages
GET /api/v1/admin/system/health
GET /api/v1/admin/system/jobs
GET /api/v1/admin/system/jobs/:id
GET /api/v1/admin/trust-safety
GET /api/v1/admin/users
GET /api/v1/admin/users/:id
GET /api/v1/admin/verifications
GET /api/v1/ai/preferences
GET /api/v1/analytics/applications
GET /api/v1/analytics/career
GET /api/v1/analytics/consent
GET /api/v1/analytics/content
GET /api/v1/analytics/funnel
GET /api/v1/analytics/jobs
GET /api/v1/analytics/learning
GET /api/v1/analytics/me
GET /api/v1/analytics/mentorship
GET /api/v1/analytics/network
GET /api/v1/analytics/profile
GET /api/v1/applications
GET /api/v1/applications/:id
GET /api/v1/applications/:id/timeline
GET /api/v1/applications/ai-insights
GET /api/v1/applications/analytics
GET /api/v1/assessments
GET /api/v1/assessments/:id
GET /api/v1/assessments/badges
GET /api/v1/assessments/results
GET /api/v1/auth/me
GET /api/v1/auth/session
GET /api/v1/billing/plans
GET /api/v1/billing/status
GET /api/v1/billing/subscription
GET /api/v1/career-ai/recommendations
GET /api/v1/career-ai/usage
GET /api/v1/career-companion/context
GET /api/v1/career-companion/conversations
GET /api/v1/career-companion/roadmap
GET /api/v1/career-insights
GET /api/v1/communities
GET /api/v1/communities/:id
GET /api/v1/communities/:id/analytics
GET /api/v1/communities/:id/events
GET /api/v1/communities/:id/members
GET /api/v1/communities/:id/moderation/actions
GET /api/v1/communities/:id/posts
GET /api/v1/communities/:id/posts/:postId
GET /api/v1/communities/:id/posts/:postId/comments
GET /api/v1/communities/:id/reports
GET /api/v1/communities/:id/requests
GET /api/v1/communities/:id/resources
GET /api/v1/communities/recommendations
GET /api/v1/companies
GET /api/v1/companies/:id
GET /api/v1/companies/:id/analytics
GET /api/v1/companies/:id/audit
GET /api/v1/companies/:id/dashboard
GET /api/v1/companies/:id/departments
GET /api/v1/companies/:id/employees
GET /api/v1/companies/:id/gallery
GET /api/v1/companies/:id/insights
GET /api/v1/companies/:id/invitations
GET /api/v1/companies/:id/jobs
GET /api/v1/companies/:id/jobs/:jobId/analytics
GET /api/v1/companies/:id/leaders
GET /api/v1/companies/:id/locations
GET /api/v1/companies/:id/people
GET /api/v1/companies/:id/recruiters
GET /api/v1/companies/:id/reviews
GET /api/v1/companies/:id/team
GET /api/v1/companies/:id/updates
GET /api/v1/companies/:id/verification
GET /api/v1/companies/discovery
GET /api/v1/companies/featured
GET /api/v1/companies/following
GET /api/v1/companies/handle/:handle
GET /api/v1/companies/industries
GET /api/v1/companies/invitations/:token
GET /api/v1/companies/mine
GET /api/v1/companies/permissions
GET /api/v1/companies/popular
GET /api/v1/companies/recommended
GET /api/v1/companies/search
GET /api/v1/company/:slug
GET /api/v1/company/:slug/departments
GET /api/v1/company/:slug/jobs
GET /api/v1/company/:slug/people
GET /api/v1/company/:slug/reviews
GET /api/v1/company/:slug/updates
GET /api/v1/company/analytics/applications
GET /api/v1/company/analytics/candidates
GET /api/v1/company/analytics/jobs
GET /api/v1/company/analytics/overview
GET /api/v1/compliance/consent
GET /api/v1/compliance/export/download
GET /api/v1/compliance/requests
GET /api/v1/cookies
GET /api/v1/cover-letters
GET /api/v1/cover-letters/:id
GET /api/v1/cover-letters/:id/analytics
GET /api/v1/cover-letters/:id/download
GET /api/v1/cover-letters/:id/versions
GET /api/v1/cover-letters/templates
GET /api/v1/documents
GET /api/v1/employer/analytics
GET /api/v1/employer/company
GET /api/v1/employer/dashboard
GET /api/v1/employer/jobs
GET /api/v1/employer/settings
GET /api/v1/employer/team
GET /api/v1/endorsements/recommendations
GET /api/v1/endorsements/references
GET /api/v1/endorsements/skills
GET /api/v1/enterprise/audit-logs
GET /api/v1/enterprise/overview
GET /api/v1/enterprise/pools
GET /api/v1/enterprise/teams
GET /api/v1/events
GET /api/v1/events/:id
GET /api/v1/events/my-events
GET /api/v1/freelance/contracts
GET /api/v1/freelance/profile
GET /api/v1/freelance/projects
GET /api/v1/freelance/projects/:id
GET /api/v1/global/countries
GET /api/v1/global/currencies
GET /api/v1/global/jobs
GET /api/v1/global/regions
GET /api/v1/help/articles
GET /api/v1/help/articles/:slug
GET /api/v1/help/categories
GET /api/v1/help/faq
GET /api/v1/help/known-issues
GET /api/v1/intelligence/hiring-stats
GET /api/v1/intelligence/market
GET /api/v1/intelligence/skills
GET /api/v1/intelligence/user-recommendations
GET /api/v1/interview-prep
GET /api/v1/interview-prep/:id
GET /api/v1/interview-prep/mock/sessions
GET /api/v1/interview-prep/mock/sessions/:id
GET /api/v1/interview-prep/notes
GET /api/v1/interview-prep/questions
GET /api/v1/interview-prep/readiness
GET /api/v1/interview-prep/tasks
GET /api/v1/interviews
GET /api/v1/interviews/:id
GET /api/v1/interviews/availability/:candidateId
GET /api/v1/interviews/reminders
GET /api/v1/interviews/rounds/:roundId/feedback
GET /api/v1/job-alerts
GET /api/v1/job-alerts/history
GET /api/v1/job-recommendations
GET /api/v1/job-recommendations/:id
GET /api/v1/jobs
GET /api/v1/jobs/matches
GET /api/v1/jobs/matches/:id
GET /api/v1/jobs/saved
GET /api/v1/landing/content
GET /api/v1/learning/certificates
GET /api/v1/learning/courses
GET /api/v1/learning/courses/:id
GET /api/v1/learning/paths
GET /api/v1/learning/progress
GET /api/v1/legal/documents/:slug
GET /api/v1/legal/documents/:slug/versions
GET /api/v1/messages/conversations
GET /api/v1/messages/conversations/:id/messages
GET /api/v1/messages/requests
GET /api/v1/messages/search
GET /api/v1/messages/ws
GET /api/v1/messaging/conversations
GET /api/v1/messaging/conversations/:id/messages
GET /api/v1/messaging/ws
GET /api/v1/metrics
GET /api/v1/mobile/config
GET /api/v1/mobile/docs
GET /api/v1/mobile/user/applications
GET /api/v1/mobile/user/jobs
GET /api/v1/mobile/user/messages
GET /api/v1/mobile/user/notifications
GET /api/v1/mobile/user/profile
GET /api/v1/network
GET /api/v1/network/company-connections/:companyId
GET /api/v1/network/connections
GET /api/v1/network/followers
GET /api/v1/network/following
GET /api/v1/network/goals
GET /api/v1/network/labels/:targetUserId
GET /api/v1/network/mutual/:userId
GET /api/v1/network/notes/:targetUserId
GET /api/v1/network/requests
GET /api/v1/network/requests/sent
GET /api/v1/networking/connections
GET /api/v1/networking/recommendations
GET /api/v1/networking/requests
GET /api/v1/notifications
GET /api/v1/notifications/:id
GET /api/v1/notifications/count
GET /api/v1/notifications/devices
GET /api/v1/notifications/digests
GET /api/v1/notifications/history
GET /api/v1/notifications/preferences
GET /api/v1/notifications/preferences/categories
GET /api/v1/notifications/quiet-hours
GET /api/v1/notifications/schedules
GET /api/v1/notifications/unread
GET /api/v1/notifications/unread-count
GET /api/v1/onboarding
GET /api/v1/onboarding/communities
GET /api/v1/onboarding/connections
GET /api/v1/onboarding/progress
GET /api/v1/organizations
GET /api/v1/organizations/:id/members
GET /api/v1/organizations/permissions
GET /api/v1/people
GET /api/v1/people/search
GET /api/v1/people/suggestions
GET /api/v1/privacy
GET /api/v1/privacy/consents
GET /api/v1/privacy/cookies
GET /api/v1/privacy/export
GET /api/v1/privacy/export/:id
GET /api/v1/privacy/requests
GET /api/v1/privacy/requests/:id
GET /api/v1/privacy/retention
GET /api/v1/privacy/settings
GET /api/v1/profile/completion
GET /api/v1/recommendation-engine/career-gaps
GET /api/v1/recommendation-engine/preferences
GET /api/v1/recommendation-engine/unified
GET /api/v1/recommendations
GET /api/v1/recommendations/preferences
GET /api/v1/recruiter-ai/sessions
GET /api/v1/recruiter/analytics
GET /api/v1/recruiter/analytics/candidates
GET /api/v1/recruiter/analytics/jobs
GET /api/v1/recruiter/analytics/overview
GET /api/v1/recruiter/applications
GET /api/v1/recruiter/applications/:id
GET /api/v1/recruiter/applications/:id/ai-eval
GET /api/v1/recruiter/applications/:id/evaluations
GET /api/v1/recruiter/applications/:id/history
GET /api/v1/recruiter/candidates
GET /api/v1/recruiter/candidates/:id
GET /api/v1/recruiter/candidates/:id/notes
GET /api/v1/recruiter/candidates/filters
GET /api/v1/recruiter/candidates/recommendations
GET /api/v1/recruiter/candidates/saved
GET /api/v1/recruiter/candidates/search
GET /api/v1/recruiter/dashboard
GET /api/v1/recruiter/interviews
GET /api/v1/recruiter/jobs
GET /api/v1/recruiter/jobs/:id
GET /api/v1/recruiter/jobs/:id/matches
GET /api/v1/recruiter/pipeline
GET /api/v1/recruiter/pipeline/:jobId
GET /api/v1/recruiter/pipeline/analytics
GET /api/v1/recruiter/profile
GET /api/v1/recruiter/saved-searches
GET /api/v1/recruiter/talent-pools
GET /api/v1/recruiter/team
GET /api/v1/recruiter/templates
GET /api/v1/referrals/my-referrals
GET /api/v1/referrals/requests
GET /api/v1/resume-analysis/:id
GET /api/v1/resume-analysis/history
GET /api/v1/resumes
GET /api/v1/resumes/:id
GET /api/v1/resumes/:id/analytics
GET /api/v1/resumes/:id/download
GET /api/v1/resumes/:id/versions
GET /api/v1/resumes/templates
GET /api/v1/saved-searches
GET /api/v1/search/history
GET /api/v1/search/notes/:candidateId
GET /api/v1/search/saved
GET /api/v1/security
GET /api/v1/security/api-keys
GET /api/v1/security/devices
GET /api/v1/security/events
GET /api/v1/security/login-history
GET /api/v1/security/risk-score
GET /api/v1/security/sessions
GET /api/v1/settings/data-export/history
GET /api/v1/settings/notifications
GET /api/v1/status
GET /api/v1/support/tickets
GET /api/v1/support/tickets/:id
GET /api/v1/support/tickets/:id/messages
GET /api/v1/unified-search
GET /api/v1/unified-search/history
GET /api/v1/unified-search/suggestions
GET /api/v1/verifications/requests
GET /api/v1/verifications/status
GET /health
GET /health/dependencies
GET /health/live
GET /health/ready
PATCH /api/v1/admin/compliance/dsr/:id
PATCH /api/v1/admin/compliance/legal-holds/:id/release
POST /api/v1/admin/analytics/cleanup
POST /api/v1/admin/analytics/export
POST /api/v1/admin/analytics/reports/custom
POST /api/v1/admin/analytics/reports/scheduled
POST /api/v1/admin/announcements
POST /api/v1/admin/backups
POST /api/v1/admin/backups/:id/verify
POST /api/v1/admin/backups/incidents
POST /api/v1/admin/backups/restore-confirm
POST /api/v1/admin/backups/restore-tests
POST /api/v1/admin/compliance/access-reviews
POST /api/v1/admin/compliance/incidents
POST /api/v1/admin/compliance/legal-holds
POST /api/v1/admin/compliance/policy-versions
POST /api/v1/admin/data-governance/inventory
POST /api/v1/admin/data-governance/processors
POST /api/v1/admin/data-governance/quality-checks/run
POST /api/v1/admin/data-governance/retention/run
POST /api/v1/admin/data-operations/bulk-operations
POST /api/v1/admin/data-operations/exports
POST /api/v1/admin/data-operations/imports
POST /api/v1/admin/data-operations/imports/preview
POST /api/v1/admin/feature-flags
POST /api/v1/admin/impersonation/:id/revoke
POST /api/v1/admin/incidents
POST /api/v1/admin/jobs/:id/moderate
POST /api/v1/admin/notifications/announcement
POST /api/v1/admin/notifications/dead-letters/:id/retry
POST /api/v1/admin/notifications/templates
POST /api/v1/admin/notifications/templates/:id/archive
POST /api/v1/admin/notifications/templates/:id/publish
POST /api/v1/admin/notifications/templates/:id/test
POST /api/v1/admin/privacy/export
POST /api/v1/admin/reports/:id/resolve
POST /api/v1/admin/roles/assign
POST /api/v1/admin/security/alerts/:id/resolve
POST /api/v1/admin/security/incidents
POST /api/v1/admin/support/articles
POST /api/v1/admin/support/tickets/:id/assign
POST /api/v1/admin/support/tickets/:id/messages
POST /api/v1/admin/support/tickets/:id/notes
POST /api/v1/admin/support/tickets/:id/resolve
POST /api/v1/admin/system/jobs/:id/retry
POST /api/v1/admin/users/:id/impersonate
POST /api/v1/admin/users/:id/role
POST /api/v1/admin/verifications/:id/approve
POST /api/v1/admin/verifications/:id/reject
POST /api/v1/ai/career-suggestions
POST /api/v1/ai/interview-prep
POST /api/v1/ai/job-matching
POST /api/v1/ai/resume-analysis
POST /api/v1/ai/skill-gap
POST /api/v1/applications
POST /api/v1/assessments/:id/submit
POST /api/v1/auth/login
POST /api/v1/auth/logout
POST /api/v1/auth/refresh
POST /api/v1/auth/register
POST /api/v1/auth/resend-verification
POST /api/v1/auth/verify-email
POST /api/v1/billing/checkout
POST /api/v1/billing/webhooks/:provider
POST /api/v1/career-ai/interview-prep
POST /api/v1/career-ai/job-guidance
POST /api/v1/career-ai/recommendations
POST /api/v1/career-ai/resume-feedback
POST /api/v1/career-ai/skill-gap
POST /api/v1/career-companion/conversations
POST /api/v1/career-companion/conversations/:id/messages
POST /api/v1/career-companion/roadmap
POST /api/v1/career-preferences
POST /api/v1/certifications
POST /api/v1/communities
POST /api/v1/communities/:id/events
POST /api/v1/communities/:id/invites
POST /api/v1/communities/:id/join
POST /api/v1/communities/:id/leave
POST /api/v1/communities/:id/moderation/moderate
POST /api/v1/communities/:id/posts
POST /api/v1/communities/:id/posts/:postId/comments
POST /api/v1/communities/:id/resources
POST /api/v1/communities/invites/:inviteId/respond
POST /api/v1/communities/reports
POST /api/v1/companies
POST /api/v1/companies/:id/follow
POST /api/v1/companies/:id/people
POST /api/v1/companies/:id/recruiters/invite
POST /api/v1/companies/:id/report
POST /api/v1/companies/:id/reviews
POST /api/v1/companies/:id/reviews/:reviewId/report
POST /api/v1/companies/:id/reviews/:reviewId/response
POST /api/v1/companies/:id/team/invite
POST /api/v1/companies/:id/updates
POST /api/v1/companies/:id/verification
POST /api/v1/companies/follow
POST /api/v1/companies/invitations/:token/accept
POST /api/v1/companies/invitations/:token/decline
POST /api/v1/companies/save
POST /api/v1/compliance/consent
POST /api/v1/compliance/delete-account
POST /api/v1/compliance/export
POST /api/v1/compliance/requests
POST /api/v1/cookies/consent
POST /api/v1/cover-letters
POST /api/v1/cover-letters/:id/duplicate
POST /api/v1/cover-letters/:id/generate
POST /api/v1/cover-letters/:id/preview
POST /api/v1/cover-letters/:id/rewrite
POST /api/v1/cover-letters/:id/share
POST /api/v1/cover-letters/:id/tailor
POST /api/v1/cover-letters/:id/versions
POST /api/v1/documents/upload
POST /api/v1/education
POST /api/v1/employer/export
POST /api/v1/employer/team/invitations/:invitationId/resend
POST /api/v1/employer/team/invite
POST /api/v1/employer/team/transfer-ownership
POST /api/v1/endorsements/recommendations
POST /api/v1/endorsements/references
POST /api/v1/endorsements/skills
POST /api/v1/enterprise/pools
POST /api/v1/enterprise/teams
POST /api/v1/events
POST /api/v1/events/:id/cancel
POST /api/v1/events/:id/register
POST /api/v1/feedback
POST /api/v1/feedback/bugs
POST /api/v1/freelance/profile
POST /api/v1/freelance/projects
POST /api/v1/freelance/projects/:id/proposals
POST /api/v1/freelance/proposals/:id/accept
POST /api/v1/help/articles/:id/feedback
POST /api/v1/internal/analytics/events
POST /api/v1/internal/notifications/events
POST /api/v1/interview-prep
POST /api/v1/interview-prep/coach/chat
POST /api/v1/interview-prep/mock/sessions
POST /api/v1/interview-prep/mock/sessions/:id/complete
POST /api/v1/interview-prep/mock/sessions/:id/submit
POST /api/v1/interview-prep/notes
POST /api/v1/interview-prep/questions
POST /api/v1/interview-prep/questions/generate
POST /api/v1/interview-prep/tasks
POST /api/v1/interviews
POST /api/v1/interviews/:id/rounds
POST /api/v1/interviews/availability
POST /api/v1/interviews/rounds/:roundId/feedback
POST /api/v1/job-alerts
POST /api/v1/job-alerts/:id/pause
POST /api/v1/job-alerts/:id/resume
POST /api/v1/job-recommendations/:id/feedback
POST /api/v1/jobs/:id/apply
POST /api/v1/jobs/:id/save
POST /api/v1/jobs/matches/:id/feedback
POST /api/v1/landing/admin/featured-jobs
POST /api/v1/landing/admin/testimonials
POST /api/v1/learning/assessment
POST /api/v1/learning/enroll
POST /api/v1/learning/progress
POST /api/v1/messages/conversations
POST /api/v1/messages/conversations/:id/archive
POST /api/v1/messages/conversations/:id/messages
POST /api/v1/messages/conversations/:id/mute
POST /api/v1/messages/conversations/:id/pin
POST /api/v1/messages/conversations/:id/read
POST /api/v1/messages/messages/:id/reaction
POST /api/v1/messages/report
POST /api/v1/messages/requests
POST /api/v1/messages/requests/:id/accept
POST /api/v1/messages/requests/:id/decline
POST /api/v1/messaging/conversations
POST /api/v1/messaging/conversations/:id/messages
POST /api/v1/mobile/auth/refresh
POST /api/v1/mobile/devices
POST /api/v1/mobile/devices/register
POST /api/v1/mobile/push/send
POST /api/v1/mobile/uploads/presign
POST /api/v1/network/follow/:userId
POST /api/v1/network/goals
POST /api/v1/network/labels
POST /api/v1/network/notes
POST /api/v1/network/recommendations/:userId/dismiss
POST /api/v1/network/report/:userId
POST /api/v1/network/requests
POST /api/v1/network/requests/:id/accept
POST /api/v1/network/requests/:id/decline
POST /api/v1/network/requests/:id/withdraw
POST /api/v1/networking/blocks
POST /api/v1/networking/requests
POST /api/v1/notifications/:id/archive
POST /api/v1/notifications/:id/read
POST /api/v1/notifications/:id/unread
POST /api/v1/notifications/clear-read
POST /api/v1/notifications/devices
POST /api/v1/notifications/read-all
POST /api/v1/notifications/schedules
POST /api/v1/onboarding/complete
POST /api/v1/onboarding/employer
POST /api/v1/onboarding/finish
POST /api/v1/onboarding/recruiter
POST /api/v1/onboarding/resume
POST /api/v1/onboarding/start
POST /api/v1/onboarding/steps/:stepId/complete
POST /api/v1/onboarding/steps/:stepId/skip
POST /api/v1/organizations
POST /api/v1/organizations/:id/members
POST /api/v1/privacy/consents
POST /api/v1/privacy/delete-account
POST /api/v1/privacy/delete-account/cancel
POST /api/v1/privacy/export
POST /api/v1/privacy/requests
POST /api/v1/profile/photo
POST /api/v1/recommendation-engine/events
POST /api/v1/recommendation-engine/preferences
POST /api/v1/recommendations/:id/feedback
POST /api/v1/recruiter-ai/interview-questions
POST /api/v1/recruiter-ai/optimize-jd
POST /api/v1/recruiter-ai/outreach-email
POST /api/v1/recruiter-ai/rank-candidates
POST /api/v1/recruiter/applications/:id/evaluate
POST /api/v1/recruiter/applications/bulk
POST /api/v1/recruiter/candidates/:id/connect
POST /api/v1/recruiter/candidates/:id/message
POST /api/v1/recruiter/candidates/:id/notes
POST /api/v1/recruiter/candidates/:id/save
POST /api/v1/recruiter/candidates/compare
POST /api/v1/recruiter/interviews
POST /api/v1/recruiter/interviews/:id/feedback
POST /api/v1/recruiter/jobs
POST /api/v1/recruiter/jobs/:id/close
POST /api/v1/recruiter/jobs/:id/pause
POST /api/v1/recruiter/jobs/:id/publish
POST /api/v1/recruiter/offers
POST /api/v1/recruiter/onboarding
POST /api/v1/recruiter/saved-searches
POST /api/v1/recruiter/talent-pools
POST /api/v1/recruiter/talent-pools/:id/candidates
POST /api/v1/referrals/offer
POST /api/v1/referrals/requests
POST /api/v1/resume-analysis/analyze
POST /api/v1/resume/upload
POST /api/v1/resumes
POST /api/v1/resumes/:id/analyze
POST /api/v1/resumes/:id/default
POST /api/v1/resumes/:id/duplicate
POST /api/v1/resumes/:id/optimize
POST /api/v1/resumes/:id/preview
POST /api/v1/resumes/:id/share
POST /api/v1/resumes/:id/tailor
POST /api/v1/resumes/import
POST /api/v1/saved-searches
POST /api/v1/search/candidates
POST /api/v1/search/contact
POST /api/v1/search/notes
POST /api/v1/search/saved
POST /api/v1/security/api-keys
POST /api/v1/security/devices
POST /api/v1/security/mfa/disable
POST /api/v1/security/mfa/setup
POST /api/v1/security/mfa/verify
POST /api/v1/security/password/change
POST /api/v1/security/password/validate
POST /api/v1/settings/data-export
POST /api/v1/skills
POST /api/v1/support/tickets
POST /api/v1/support/tickets/:id/close
POST /api/v1/support/tickets/:id/feedback
POST /api/v1/support/tickets/:id/messages
POST /api/v1/support/tickets/:id/reopen
POST /api/v1/unified-search/preferences
POST /api/v1/unified-search/reindex
POST /api/v1/verifications/documents
POST /api/v1/verifications/requests
POST /api/v1/work-experience
PUT /api/v1/admin/backups/configuration
PUT /api/v1/admin/companies/:id/status
PUT /api/v1/admin/company-verifications/:verificationId
PUT /api/v1/admin/data-governance/retention
PUT /api/v1/admin/feature-flags/:id
PUT /api/v1/admin/incidents/:id
PUT /api/v1/admin/maintenance
PUT /api/v1/admin/notifications/templates/:id
PUT /api/v1/admin/onboarding/config
PUT /api/v1/admin/privacy/requests/:id
PUT /api/v1/admin/privacy/retention
PUT /api/v1/admin/recommendations/config
PUT /api/v1/admin/reports/:id
PUT /api/v1/admin/security/alerts/:id
PUT /api/v1/admin/security/incidents/:id
PUT /api/v1/admin/security/rules/:id
PUT /api/v1/admin/security/settings
PUT /api/v1/admin/users/:id/status
PUT /api/v1/ai/preferences
PUT /api/v1/analytics/consent
PUT /api/v1/applications/:id/withdraw
PUT /api/v1/communities/:id
PUT /api/v1/communities/:id/memberships
PUT /api/v1/communities/:id/posts/:postId/lock
PUT /api/v1/communities/:id/posts/:postId/pin
PUT /api/v1/communities/:id/roles
PUT /api/v1/companies/:id
PUT /api/v1/companies/:id/people/:memberId
PUT /api/v1/companies/:id/recruiters/:recruiterId
PUT /api/v1/companies/:id/reviews/:reviewId
PUT /api/v1/companies/:id/team/:memberId
PUT /api/v1/companies/:id/team/:memberId/permissions
PUT /api/v1/companies/:id/updates/:updateId
PUT /api/v1/cover-letters/:id
PUT /api/v1/employer/company
PUT /api/v1/employer/settings
PUT /api/v1/employer/team/members/:memberId
PUT /api/v1/endorsements/recommendations/:id/status
PUT /api/v1/interview-prep/:id
PUT /api/v1/interview-prep/questions/:id
PUT /api/v1/interview-prep/tasks/:id
PUT /api/v1/interviews/:id/status
PUT /api/v1/interviews/rounds/:roundId/status
PUT /api/v1/job-alerts/:id
PUT /api/v1/network/goals/:id
PUT /api/v1/networking/requests/:id
PUT /api/v1/notifications/:id/read
PUT /api/v1/notifications/digests
PUT /api/v1/notifications/preferences
PUT /api/v1/notifications/preferences/categories/:category
PUT /api/v1/notifications/quiet-hours
PUT /api/v1/notifications/read-all
PUT /api/v1/onboarding/progress
PUT /api/v1/onboarding/save
PUT /api/v1/privacy
PUT /api/v1/privacy/cookies
PUT /api/v1/privacy/settings
PUT /api/v1/recommendations/preferences
PUT /api/v1/recruiter/applications/:id/stage
PUT /api/v1/recruiter/offers/:id
PUT /api/v1/recruiter/pipeline/:id
PUT /api/v1/referrals/:id/status
PUT /api/v1/resumes/:id
PUT /api/v1/saved-searches/:id
PUT /api/v1/security/devices/:id
PUT /api/v1/settings/notifications
PUT /api/v1/verifications/privacy
